// Jest Snapshot v1, https://goo.gl/fbAQLP

exports[`SearchField has a valid snapshot 1`] = `
<div>
  <div
    className="ui segment"
  >
    <form
      onSubmit={[Function]}
    >
      <h3
        className="ui header"
      >
        Search for Something
      </h3>
      <div
        className="ui search"
      >
        <div
          className="ui icon input"
        >
          <input
            className="prompt"
            onChange={[Function]}
            placeholder="Search for a title..."
            type="text"
            value="mock search value"
          />
          <i
            className="search icon"
          />
        </div>
        <div
          className="results"
        />
      </div>
    </form>
  </div>
  <br />
</div>
`;
