// Jest Snapshot v1, https://goo.gl/fbAQLP

exports[`App has a valid snapshot 1`] = `
<div
  className="App"
>
  <br />
  <h1
    className="ui header"
  >
    <i
      className="user secret icon huge"
    />
    <div
      className="content"
    >
      Hacker News Redux
      <div
        className="sub header"
      >
        Remade using React
      </div>
    </div>
  </h1>
  <br />
  <div>
    <div
      className="ui segment"
    >
      <form
        onSubmit={[Function]}
      >
        <h3
          className="ui header"
        >
          Search for an article
        </h3>
        <div
          className="ui search loading"
        >
          <div
            className="ui icon input"
          >
            <input
              className="prompt"
              onChange={[Function]}
              placeholder="Search for a title..."
              type="text"
              value="redux"
            />
            <i
              className="search icon"
            />
          </div>
          <div
            className="results"
          />
        </div>
      </form>
    </div>
    <br />
  </div>
  <div
    className="ui icon message"
  >
    <i
      className="notched circle loading icon"
    />
    <div
      className="content"
    >
      <div
        className="header"
      >
        Just one second
      </div>
    </div>
  </div>
  <br />
  <br />
</div>
`;
